// Jest Snapshot v1, https://goo.gl/fbAQLP

exports[`should render correct htmls 1`] = `"<div class=\\"browser-usage\\"><header class=\\"box-header box-border-bottom clearfix\\"><div class=\\"btn\\"><span>Browser Usage</span></div><div class=\\"btn-group float-right\\"><div class=\\"btn\\"><i class=\\"fas fa-minus text-muted\\"></i></div><div class=\\"btn\\"><i class=\\"fas fa-times text-muted\\"></i></div></div></header><div class=\\"wrapper\\"><main class=\\"box-border-bottom\\"><div class=\\"chart-responsive\\"><div id=\\"doughnut-chart\\"></div></div><div><ul class=\\"p-0\\"><li class=\\"ml-2 d-inline-block\\"><i class=\\"text-danger far fa-circle\\"></i><span class=\\"ml-1\\">Chrome</span></li><li class=\\"ml-2 d-inline-block\\"><i class=\\"text-success far fa-circle\\"></i><span class=\\"ml-1\\">IE</span></li><li class=\\"ml-2 d-inline-block\\"><i class=\\"text-warning far fa-circle\\"></i><span class=\\"ml-1\\">FireFox</span></li><li class=\\"ml-2 d-inline-block\\"><i class=\\"text-primary far fa-circle\\"></i><span class=\\"ml-1\\">Safari</span></li><li class=\\"ml-2 d-inline-block\\"><i class=\\"text-info far fa-circle\\"></i><span class=\\"ml-1\\">Opera</span></li><li class=\\"ml-2 d-inline-block\\"><i class=\\"text-muted far fa-circle\\"></i><span class=\\"ml-1\\">Navigator</span></li></ul></div></main><footer class=\\"\\"><div class=\\"box-border-bottom\\"><div class=\\"btn\\"><span>United States of America</span></div><div class=\\"float-right btn text-danger\\"><i class=\\"fa fa-angle-down font-weight-light\\"></i><span class=\\"\\">12%</span></div></div><div class=\\"box-border-bottom\\"><div class=\\"btn\\"><span>India</span></div><div class=\\"float-right btn text-success\\"><i class=\\"fa fa-angle-up font-weight-light\\"></i><span class=\\"\\">12%</span></div></div><div class=\\"box-border-bottom\\"><div class=\\"btn\\"><span>China</span></div><div class=\\"float-right btn text-warning\\"><i class=\\"fa fa-angle-left font-weight-light\\"></i><span class=\\"\\">12%</span></div></div></footer></div></div>"`;
