// Jest Snapshot v1, https://goo.gl/fbAQLP

exports[`should render correct htmls 1`] = `"<div class=\\"direct-chat box-shadow\\"><header class=\\"box-border-bottom\\"><div class=\\"btn\\"><span>Direct Chat</span></div><div class=\\"float-right btn-group\\"><div class=\\"btn\\"><span class=\\"bg-warning badge badge-pill text-white font-weight-bold\\">3</span></div><div class=\\"btn\\"><i class=\\"fa fa-minus text-muted\\"></i></div><div class=\\"btn\\"><i class=\\"fas fa-comments text-muted\\"></i></div><div class=\\"btn\\"><i class=\\"fa fa-times text-muted\\"></i></div></div></header><div class=\\"wrapper\\"><main class=\\"messages box-border-bottom\\"><div class=\\"message\\"></div><div class=\\"message\\"></div><div class=\\"message\\"></div><div class=\\"message\\"></div></main><footer class=\\"\\"><div class=\\"input-group p-3\\"><input type=\\"text\\" class=\\"form-control\\" placeholder=\\"tpye message...\\"><span class=\\"input-group-addon bg-warning text-white\\" id=\\"inputGroup-sizing-default\\">Send</span></div></footer></div></div>"`;
