// Jest Snapshot v1, https://goo.gl/fbAQLP

exports[`should render correct htmls 1`] = `"<div class=\\"latest-orders box-shadow\\"><header class=\\"box-border-bottom\\"><div class=\\"float-right btn-group text-muted\\"><div class=\\"btn pull-right\\"><i class=\\"fas fa-minus\\"></i></div><div class=\\"btn pull-right\\"><i class=\\"fas fa-times\\"></i></div></div><div class=\\"btn\\"><span>Latest Orders</span></div></header><div class=\\"wrapper\\"><main class=\\"box-border-bottom\\"><div><table class=\\"w-100\\"><thead class=\\"box-border-bottom\\"><tr class=\\"font-weight-bold\\"><td>Order Id</td><td>Item</td><td>Status</td><td class=\\"text-center\\">Popularity</td></tr></thead><tbody><tr class=\\"box-border-top\\"><td class=\\"p-2 text-info\\"><span>OR9842</span></td><td class=\\"\\"><span>call of duty</span></td><td class=\\"\\"><span class=\\"bg-success badge p-2\\">shipped</span></td><td class=\\"text-center\\"><span class=\\"inlineSpark\\">1,2,10,-1,-2,4,-6</span></td></tr><tr class=\\"box-border-top\\"><td class=\\"p-2 text-info\\"><span>OR9842</span></td><td class=\\"\\"><span>Samsung Smart TV</span></td><td class=\\"\\"><span class=\\"bg-warning badge p-2\\">pending</span></td><td class=\\"text-center\\"><span class=\\"inlineSpark\\">1,2,5,-1,-2,4,-6</span></td></tr><tr class=\\"box-border-top\\"><td class=\\"p-2 text-info\\"><span>OR9842</span></td><td class=\\"\\"><span>iPhone 6 Plus</span></td><td class=\\"\\"><span class=\\"bg-danger badge p-2\\">delivered</span></td><td class=\\"text-center\\"><span class=\\"inlineSpark\\">1,2,5,-1,-2,4,-6</span></td></tr><tr class=\\"box-border-top\\"><td class=\\"p-2 text-info\\"><span>OR9842</span></td><td class=\\"\\"><span>Samsung Smart TV</span></td><td class=\\"\\"><span class=\\"bg-success badge p-2\\">shipped</span></td><td class=\\"text-center\\"><span class=\\"inlineSpark\\">1,-1,-2,4,-6,2,5</span></td></tr><tr class=\\"box-border-top\\"><td class=\\"p-2 text-info\\"><span>OR9842</span></td><td class=\\"\\"><span>Samsung Smart TV</span></td><td class=\\"\\"><span class=\\"bg-info badge p-2\\">processing</span></td><td class=\\"text-center\\"><span class=\\"inlineSpark\\">1,2,-2,4,-6,5,-1</span></td></tr><tr class=\\"box-border-top\\"><td class=\\"p-2 text-info\\"><span>OR9842</span></td><td class=\\"\\"><span>iPhone 6 Plus</span></td><td class=\\"\\"><span class=\\"bg-success badge p-2\\">shipped</span></td><td class=\\"text-center\\"><span class=\\"inlineSpark\\">1,2,5,4,-6,-1,-2</span></td></tr></tbody></table></div></main><footer><div><button class=\\"font-md px-2 py-1 bg-info text-white border-0\\">Place New Orders</button><button class=\\"font-md px-2 py-1 bg-grey float-right\\">Place New Orders</button></div></footer></div></div>"`;
