// Jest Snapshot v1, https://goo.gl/fbAQLP

exports[`should render correct htmls 1`] = `"<div class=\\"monthly-capital-reports bg-white text-black box-shadow\\"><header class=\\"bg-white box-border-bottom\\"><div class=\\"btn\\"><span>Monthly Recap Report</span></div><div class=\\"btn-group float-right text-muted\\"><div class=\\"btn\\"><i class=\\"fa fa-times\\"></i></div><div class=\\"btn\\"><i class=\\"fa fa-minus\\"></i></div><div class=\\"btn\\"><i class=\\"fa fa-bars\\"></i></div></div><div></div></header><div class=\\"wrapper\\"><main class=\\"box-border-bottom row mx-0\\"><div class=\\"col-8 mx-0 p-3\\"><div id=\\"line-chart\\"></div></div><div class=\\"col-4 p-3\\"><div class=\\"pt-3 text-center\\"><span class=\\"text-center font-weight-bold\\">Goal Completion</span></div><div class=\\"progress\\"></div><div class=\\"progress\\"></div><div class=\\"progress\\"></div><div class=\\"progress\\"></div></div></main><footer class=\\"container-fluid bg-white\\"><div class=\\"row py-4\\"><div class=\\"stat-panel\\"></div><div class=\\"stat-panel\\"></div><div class=\\"stat-panel\\"></div><div class=\\"stat-panel\\"></div></div></footer></div></div>"`;
